Year: 
Month: 
Day: 
Days since Jan 1: 221
Days until Dec 31: 143
