[32GHAMURABI
[15GCREATIVE COMPUTING  MORRISTOWN, NEW JERSEY



TRY YOUR HAND AT GOVERNING ANCIENT SUMERIA
FOR A TEN-YEAR TERM OF OFFICE.



HAMURABI:  I BEG TO REPORT TO YOU,
IN YEAR 1, 0 PEOPLE STARVED, 5 CAME TO THE CITY,
POPULATION IS NOW 100
THE CITY NOW OWNS 1000 ACRES.
YOU HARVESTED 3 BUSHELS PER ACRE.
THE RATS ATE 200 BUSHELS.
YOU NOW HAVE 2800 BUSHELS IN STORE.

LAND IS TRADING AT 20 BUSHELS PER ACRE.
HOW MANY ACRES DO YOU WISH TO BUY HOW MANY ACRES DO YOU WISH TO SELL 
HOW MANY BUSHELS DO YOU WISH TO FEED YOUR PEOPLE 
HOW MANY ACRES DO YOU WISH TO PLANT WITH SEED 
YOU STARVED 100 PEOPLE IN ONE YEAR!!!
DUE TO THIS EXTREME MISMANAGEMENT YOU HAVE NOT ONLY
BEEN IMPEACHED AND THROWN OUT OF OFFICE BUT YOU HAVE
ALSO BEEN DECLARED NATIONAL FINK!!!!

SO LONG FOR NOW.

