3.3908526400192201
7.82255847919924389
3.3908526400192201
7.82255847919924389
