READY.
READY.
FUNCTION ADD(A%, B%)
  ADD = A% + B%
END FUNCTION
SUB HELLO(NAME$)
  PRINT "HELLO "; NAME$
END SUB
PRINT ADD(2, 3)
HELLO "BOB"
CALL HELLO("ALICE")
READY.
