PROGRAM FILE 19: THE IF-THEN STATEMENT WITH NUMERIC OPERANDS
    ANSI STANDARD 10.2, 10.4

SECTION 19.1: THE IF-THEN STATEMENT WITH NUMERIC OPERANDS.

THIS SECTION TESTS THE COMPARISON OF NUMERIC VARIABLES AND
CONSTANTS WITH A VARIETY OF NUMERIC VALUES. ALL RELATIONSHIPS
(=, <, >, <>, <=, >=) ARE TESTED FOR EACH PAIR OF VALUES.
THE 'V' OR 'C' FOLLOWING THE COMPARAND VALUE INDICATES
WHETHER IT IS A VARIABLE OR A CONSTANT.

'T' OR 'F' IS PRINTED TO SHOW THE OUTCOME OF THE
COMPARISON. FOR INCORRECT COMPARES, AN '*' IS PRINTED
NEXT TO THE ERRONEOUS RESULT.

                 BEGIN TEST.

LEFT                RIGHT            =   <   >   <>  <=  >=  RESULT
COMPARAND           COMPARAND  

5.4321E-22 C[18G: 3.14159V[38GF[42GT[46GF[50GT[54GT[58GF[62G  OK  
5.4321E-22 C[18G: 5.4321e-22V[38GT[42GF[46GF[50GF[54GT[58GT[62G  OK  
5.4321E-22 C[18G: 3.14159e-26V[38GF[42GF[46GT[50GT[54GF[58GT[62G  OK  
5.4321E-22 C[18G: -0V[38GF[42GF[46GT[50GT[54GF[58GT[62G  OK  
5.4321E-22 C[18G: -3.14159e-26V[38GF[42GF[46GT[50GT[54GF[58GT[62G  OK  
5.4321E-22 C[18G: -3.14159V[38GF[42GF[46GT[50GT[54GF[58GT[62G  OK  
-98765500000V[18G: -98765400000 C[38GF[42GT[46GF[50GT[54GT[58GF[62G  OK  
-98765400000V[18G: -98765400000 C[38GT[42GF[46GF[50GF[54GT[58GT[62G  OK  
-3V[18G: -98765400000 C[38GF[42GF[46GT[50GT[54GF[58GT[62G  OK  
1.23456e-30V[18G: -98765400000 C[38GF[42GF[46GT[50GT[54GF[58GT[62G  OK  
456.789V[18G: -98765400000 C[38GF[42GF[46GT[50GT[54GF[58GT[62G  OK  
-1.23456E-15 C[18G: -.011E-13 C[38GF[42GT[46GF[50GT[54GT[58GF[62G  OK  
-0V[18G: 0V[38GT[42GF[46GF[50GF[54GT[58GT[62G  OK  
-3e+36V[18G: -3.001e+36V[38GF[42GF[46GT[50GT[54GF[58GT[62G  OK  
0V[18G: 1e-38V[38GF[42GT[46GF[50GT[54GT[58GF[62G  OK  

*** TEST PASSED ***

                END TEST.

END PROGRAM 19
