3.39085264001922
7.82255847919924
3.39085264001922
7.82255847919924
